Microchip MPLAB XC8 Compiler V1.45 ()

Linker command line:

--edf=C:\Program Files (x86)\Microchip\xc8\v1.45\dat\en_msgs.txt -cs \
  -h+rtc_test.sym --cmf=rtc_test.cmf -z -Q16F74 \
  -oC:\Users\971222\AppData\Local\Temp\s4k.2 -Mrtc_test.map -E1 -ver=XC8 \
  -ASTACK=0A0h-0fdh -pstack=STACK -ACODE=00h-07FFhx2 -ASTRCODE=00h-0FFFh \
  -ASTRING=00h-0FFhx16 -ACONST=00h-0FFhx16 -AENTRY=00h-0FFhx16 \
  -ABANK0=020h-07Dh -ABANK1=0A0h-0FDh -ARAM=020h-07Dh,0A0h-0FDh \
  -AABS1=020h-07Fh,0A0h-0FFh -ACOMMON=07Eh-07Fh -ASFR0=00h-01Fh \
  -ASFR1=080h-09Fh -ASFR2=0100h-017Dh -ASFR3=0180h-01FDh \
  -preset_vec=00h,intentry,init,end_init -ppowerup=CODE -pcinit=CODE \
  -pfunctab=ENTRY -ACONFIG=02007h-02007h -pconfig=CONFIG -DCONFIG=2 \
  -AIDLOC=02000h-02003h -pidloc=IDLOC -DIDLOC=2 -DCODE=2 -DSTRCODE=2 \
  -DSTRING=2 -DCONST=2 -DENTRY=2 -k startup.obj rtc_test.obj 

Object code version is 3.11

Machine type is 16F74



                Name                               Link     Load   Length Selector   Space Scale
startup.obj     end_init                              0        0        2        0       0
                config                             2007     2007        1     400E       0
rtc_test.obj    cinit                               7FA      7FA        6      FF4       0
                text17                              567      567       24      ACE       0
                text16                              523      523       21      A46       0
                text15                              5D9      5D9       2C      BB2       0
                text14                              464      464        C      8C8       0
                text13                              4D3      4D3       1A      9A6       0
                text12                              4ED      4ED       1B      9DA       0
                text11                              544      544       23      A88       0
                text10                              58B      58B       25      B16       0
                text9                               489      489        F      912       0
                text8                               47C      47C        D      8F8       0
                text7                               470      470        C      8E0       0
                text6                               508      508       1B      A10       0
                text5                               498      498       11      930       0
                text4                               4A9      4A9       11      952       0
                text3                               5B0      5B0       29      B60       0
                text2                               605      605       3B      C0A       0
                text1                               4BA      4BA       19      974       0
                maintext                            640      640      1BA      C80       0
                cstackBANK0                          20       20        C       20       1
                bitbssBANK0                         160       2C        2       20       1     8

TOTAL           Name                               Link     Load   Length     Space
        CLASS   STACK          

        CLASS   CODE           
                end_init                              0        0        2         0
                cinit                               7FA      7FA        6         0
                text17                              567      567       24         0
                text16                              523      523       21         0
                text15                              5D9      5D9       2C         0
                text14                              464      464        C         0
                text13                              4D3      4D3       1A         0
                text12                              4ED      4ED       1B         0
                text11                              544      544       23         0
                text10                              58B      58B       25         0
                text9                               489      489        F         0
                text8                               47C      47C        D         0
                text7                               470      470        C         0
                text6                               508      508       1B         0
                text5                               498      498       11         0
                text4                               4A9      4A9       11         0
                text3                               5B0      5B0       29         0
                text2                               605      605       3B         0
                text1                               4BA      4BA       19         0
                maintext                            640      640      1BA         0

        CLASS   STRCODE        

        CLASS   STRING         

        CLASS   CONST          

        CLASS   ENTRY          

        CLASS   BANK0          
                cstackBANK0                          20       20        C         1
                bitbssBANK0                         160       2C        2         1

        CLASS   BANK1          

        CLASS   RAM            

        CLASS   ABS1           
                abs_s1                               7E       7E        2         1

        CLASS   COMMON         

        CLASS   SFR0           

        CLASS   SFR1           

        CLASS   SFR2           

        CLASS   SFR3           

        CLASS   CONFIG         
                config                             2007     2007        1         0

        CLASS   IDLOC          

        CLASS   BANK3          

        CLASS   BANK2          

        CLASS   EEDATA         



SEGMENTS        Name                           Load    Length   Top    Selector   Space  Class     Delta

                reset_vec                      000000  000002  000002         0       0  CODE        2
                cstackBANK0                    000020  00000D  00002D        20       1  BANK0       1
                text14                         000464  00000C  000470       8C8       0  CODE        2
                text7                          000470  00000C  00047C       8E0       0  CODE        2
                text8                          00047C  00000D  000489       8F8       0  CODE        2
                text9                          000489  00000F  000498       912       0  CODE        2
                text5                          000498  000011  0004A9       930       0  CODE        2
                text4                          0004A9  000011  0004BA       952       0  CODE        2
                text1                          0004BA  000019  0004D3       974       0  CODE        2
                text13                         0004D3  00001A  0004ED       9A6       0  CODE        2
                text12                         0004ED  00001B  000508       9DA       0  CODE        2
                text6                          000508  00001B  000523       A10       0  CODE        2
                text16                         000523  000021  000544       A46       0  CODE        2
                text11                         000544  000023  000567       A88       0  CODE        2
                text17                         000567  000024  00058B       ACE       0  CODE        2
                text10                         00058B  000025  0005B0       B16       0  CODE        2
                text3                          0005B0  000029  0005D9       B60       0  CODE        2
                text15                         0005D9  00002C  000605       BB2       0  CODE        2
                text2                          000605  00003B  000640       C0A       0  CODE        2
                maintext                       000640  0001BA  0007FA       C80       0  CODE        2
                cinit                          0007FA  000006  000800       FF4       0  CODE        2
                config                         002007  000001  002008      400E       0  CONFIG      2


UNUSED ADDRESS RANGES

        Name                Unused          Largest block    Delta
        BANK0            002D-007D             51           1
        BANK1            00A0-00FD             5E           1
        CODE             0002-0463            462           2
                         0800-0FFF            800
        CONST            0002-0463            100           2
                         0800-0FFF            100
        ENTRY            0002-0463            100           2
                         0800-0FFF            100
        IDLOC            2000-2003              4           2
        RAM              002D-007D             51           1
                         00A0-00FD             5E
        SFR0             0000-001F             20           1
        SFR1             0080-009F             20           1
        SFR2             0100-017D             7E           1
        SFR3             0180-01FD             7E           1
        STACK            00A0-00FD             5E           1
        STRCODE          0002-0463            462           2
                         0800-0FFF            800
        STRING           0002-0463            100           2
                         0800-0FFF            100

                                  Symbol Table

Read@address                 cstackBANK0  0025
Read@eebuf3                  cstackBANK0  0026
_PORTD                       (abs)        0008
_RB3                         (abs)        0033
_RB4                         (abs)        0034
_RB5                         (abs)        0035
_RC3                         (abs)        003B
_RC4                         (abs)        003C
_RD7                         (abs)        0047
_Read                        text10       058B
_TRISB                       (abs)        0086
_TRISC                       (abs)        0087
_TRISC4                      (abs)        043C
_TRISD                       (abs)        0088
_TRISD7                      (abs)        0447
__CFG_BOREN$ON               (abs)        0000
__CFG_FOSC$HS                (abs)        0000
__CFG_PWRTE$OFF              (abs)        0000
__CFG_WDTE$OFF               (abs)        0000
__Habs1                      abs1         0000
__Hbank0                     bank0        0000
__Hbank1                     bank1        0000
__Hbank2                     bank2        0000
__Hbank3                     bank3        0000
__HbitbssBANK0               bitbssBANK0  0000
__Hcinit                     cinit        0800
__Hclrtext                   clrtext      0000
__Hcode                      code         0000
__Hcommon                    common       0000
__Hconfig                    config       2008
__HcstackBANK0               cstackBANK0  0000
__HcstackCOMMON              cstackCOMMON 0000
__Heeprom_data               eeprom_data  0000
__Hend_init                  end_init     0002
__Hfunctab                   functab      0000
__Hidloc                     idloc        0000
__Hinit                      init         0000
__Hintentry                  intentry     0000
__Hmaintext                  maintext     0000
__Hpowerup                   powerup      0000
__Hram                       ram          0000
__Hreset_vec                 reset_vec    0000
__Hsfr0                      sfr0         0000
__Hsfr1                      sfr1         0000
__Hsfr2                      sfr2         0000
__Hsfr3                      sfr3         0000
__Hspace_0                   (abs)        2008
__Hspace_1                   (abs)        0162
__Hspace_2                   (abs)        0000
__Hspace_3                   (abs)        0000
__Hstack                     stack        0000
__Hstrings                   strings      0000
__Htext                      text         0000
__Labs1                      abs1         0000
__Lbank0                     bank0        0000
__Lbank1                     bank1        0000
__Lbank2                     bank2        0000
__Lbank3                     bank3        0000
__LbitbssBANK0               bitbssBANK0  0000
__Lcinit                     cinit        07FA
__Lclrtext                   clrtext      0000
__Lcode                      code         0000
__Lcommon                    common       0000
__Lconfig                    config       2007
__LcstackBANK0               cstackBANK0  0000
__LcstackCOMMON              cstackCOMMON 0000
__Leeprom_data               eeprom_data  0000
__Lend_init                  end_init     0000
__Lfunctab                   functab      0000
__Lidloc                     idloc        0000
__Linit                      init         0000
__Lintentry                  intentry     0000
__Lmaintext                  maintext     0000
__Lpowerup                   powerup      0000
__Lram                       ram          0000
__Lreset_vec                 reset_vec    0000
__Lsfr0                      sfr0         0000
__Lsfr1                      sfr1         0000
__Lsfr2                      sfr2         0000
__Lsfr3                      sfr3         0000
__Lspace_0                   (abs)        0000
__Lspace_1                   (abs)        0000
__Lspace_2                   (abs)        0000
__Lspace_3                   (abs)        0000
__Lstack                     stack        0000
__Lstrings                   strings      0000
__Ltext                      text         0000
__S0                         (abs)        2008
__S1                         (abs)        002D
__S2                         (abs)        0000
___int_sp                    stack        0000
___latbits                   (abs)        0001
___sp                        stack        0000
__end_of_Read                text10       05B0
__end_of__initialization     cinit        07FD
__end_of_bitin               text17       058B
__end_of_bitout              text16       0544
__end_of_delay               text3        05D9
__end_of_delay1              text14       0470
__end_of_i2cread             text15       0605
__end_of_i2cstart            text13       04ED
__end_of_i2cstop             text12       0508
__end_of_i2cwrite            text11       0567
__end_of_lcd_wait_busy       text9        0498
__end_of_lcd_write_address   text6        0523
__end_of_lcd_write_char      text4        04BA
__end_of_lcd_write_com       text8        0489
__end_of_lcd_write_com_busy  text7        047C
__end_of_lcd_write_data      text5        04A9
__end_of_lcdreset            text2        0640
__end_of_main                maintext     07FA
__end_of_write               text1        04D3
__initialization             cinit        07FA
__pbitbssBANK0               bitbssBANK0  0160
__pcstackBANK0               cstackBANK0  0020
__pcstackCOMMON              cstackCOMMON 0000
__pmaintext                  maintext     0640
__ptext1                     text1        04BA
__ptext10                    text10       058B
__ptext11                    text11       0544
__ptext12                    text12       04ED
__ptext13                    text13       04D3
__ptext14                    text14       0464
__ptext15                    text15       05D9
__ptext16                    text16       0523
__ptext17                    text17       0567
__ptext2                     text2        0605
__ptext3                     text3        05B0
__ptext4                     text4        04A9
__ptext5                     text5        0498
__ptext6                     text6        0508
__ptext7                     text7        0470
__ptext8                     text8        047C
__ptext9                     text9        0489
__size_of_Read               (abs)        0000
__size_of_bitin              (abs)        0000
__size_of_bitout             (abs)        0000
__size_of_delay              (abs)        0000
__size_of_delay1             (abs)        0000
__size_of_i2cread            (abs)        0000
__size_of_i2cstart           (abs)        0000
__size_of_i2cstop            (abs)        0000
__size_of_i2cwrite           (abs)        0000
__size_of_lcd_wait_busy      (abs)        0000
__size_of_lcd_write_address  (abs)        0000
__size_of_lcd_write_char     (abs)        0000
__size_of_lcd_write_com      (abs)        0000
__size_of_lcd_write_com_busy (abs)        0000
__size_of_lcd_write_data     (abs)        0000
__size_of_lcdreset           (abs)        0000
__size_of_main               (abs)        0000
__size_of_write              (abs)        0000
_bitin                       text17       0567
_bitout                      text16       0523
_delay                       text3        05B0
_delay1                      text14       0464
_eepromdi                    bitbssBANK0  0161
_eepromdo                    bitbssBANK0  0160
_i2cread                     text15       05D9
_i2cstart                    text13       04D3
_i2cstop                     text12       04ED
_i2cwrite                    text11       0544
_lcd_wait_busy               text9        0489
_lcd_write_address           text6        0508
_lcd_write_char              text4        04A9
_lcd_write_com               text8        047C
_lcd_write_com_busy          text7        0470
_lcd_write_data              text5        0498
_lcdreset                    text2        0605
_main                        maintext     0640
_write                       text1        04BA
btemp                        (abs)        007E
delay1@k                     cstackBANK0  0021
delay@i                      cstackBANK0  0022
delay@j                      cstackBANK0  0024
delay@t                      cstackBANK0  0020
end_of_initialization        cinit        07FD
i2cread@m                    cstackBANK0  0022
i2cread@redata1              cstackBANK0  0023
i2cwrite@k                   cstackBANK0  0023
i2cwrite@sedata              cstackBANK0  0022
intlevel0                    functab      0000
intlevel1                    functab      0000
intlevel2                    functab      0000
intlevel3                    functab      0000
intlevel4                    functab      0000
intlevel5                    functab      0000
lcd_write_address@x          cstackBANK0  0024
lcd_write_address@y          cstackBANK0  0022
lcd_write_char@buf           cstackBANK0  0026
lcd_write_char@x             cstackBANK0  0028
lcd_write_char@y             cstackBANK0  0025
lcd_write_com@combuf         cstackBANK0  0020
lcd_write_com_busy@combuf    cstackBANK0  0021
lcd_write_data@databuf       cstackBANK0  0020
main@buf                     cstackBANK0  002B
reset_vec                    reset_vec    0000
stackhi                      (abs)        0000
stacklo                      (abs)        0000
start                        init         0000
start_initialization         cinit        07FA
write@address1               cstackBANK0  0025
write@byte                   cstackBANK0  0024
wtemp0                       (abs)        007E


FUNCTION INFORMATION:

 *************** function _main *****************
 Defined at:
		line 14 in file "D:\microchip\rtctest\rtctest.c"
 Parameters:    Size  Location     Type
		None
 Auto vars:     Size  Location     Type
  buf             1   11[BANK0 ] unsigned char 
 Return value:  Size  Location     Type
                  1    wreg      void 
 Registers used:
		wreg, status,2, status,0, pclath, cstack
 Tracked objects:
		On entry : 
		On exit  : 
		Unchanged: 
 Data sizes:     COMMON   BANK0   BANK1
      Params:         0       0       0
      Locals:         0       1       0
      Temps:          0       2       0
      Totals:         0       3       0
Total ram usage:        3 bytes
 Hardware stack levels required when called:    4
 This function calls:
		_Read
		_delay
		_lcd_write_char
		_lcdreset
		_write
 This function is called by:
		Startup code after reset
 This function uses a non-reentrant model


 *************** function _write *****************
 Defined at:
		line 135 in file "D:\microchip\rtctest\i2c.h"
 Parameters:    Size  Location     Type
  address1        1    wreg     unsigned char 
  byte            1    4[BANK0 ] unsigned char 
 Auto vars:     Size  Location     Type
  address1        1    5[BANK0 ] unsigned char 
 Return value:  Size  Location     Type
                  1    wreg      void 
 Registers used:
		wreg, status,2, status,0, pclath, cstack
 Tracked objects:
		On entry : 
		On exit  : 
		Unchanged: 
 Data sizes:     COMMON   BANK0   BANK1
      Params:         0       1       0
      Locals:         0       1       0
      Temps:          0       0       0
      Totals:         0       2       0
Total ram usage:        2 bytes
 Hardware stack levels used:    1
 Hardware stack levels required when called:    2
 This function calls:
		_i2cstart
		_i2cstop
		_i2cwrite
 This function is called by:
		_main
 This function uses a non-reentrant model


 *************** function _lcdreset *****************
 Defined at:
		line 62 in file "D:\microchip\rtctest\lcd.h"
 Parameters:    Size  Location     Type
		None
 Auto vars:     Size  Location     Type
		None
 Return value:  Size  Location     Type
                  1    wreg      void 
 Registers used:
		wreg, status,2, status,0, pclath, cstack
 Tracked objects:
		On entry : 
		On exit  : 
		Unchanged: 
 Data sizes:     COMMON   BANK0   BANK1
      Params:         0       0       0
      Locals:         0       0       0
      Temps:          0       0       0
      Totals:         0       0       0
Total ram usage:        0 bytes
 Hardware stack levels used:    1
 Hardware stack levels required when called:    2
 This function calls:
		_delay
		_lcd_write_com
		_lcd_write_com_busy
 This function is called by:
		_main
 This function uses a non-reentrant model


 *************** function _delay *****************
 Defined at:
		line 5 in file "D:\microchip\rtctest\lcd.h"
 Parameters:    Size  Location     Type
  t               2    0[BANK0 ] unsigned int 
 Auto vars:     Size  Location     Type
  j               2    4[BANK0 ] unsigned int 
  i               2    2[BANK0 ] unsigned int 
 Return value:  Size  Location     Type
                  1    wreg      void 
 Registers used:
		wreg, status,2
 Tracked objects:
		On entry : 
		On exit  : 
		Unchanged: 
 Data sizes:     COMMON   BANK0   BANK1
      Params:         0       2       0
      Locals:         0       4       0
      Temps:          0       0       0
      Totals:         0       6       0
Total ram usage:        6 bytes
 Hardware stack levels used:    1
 This function calls:
		Nothing
 This function is called by:
		_lcdreset
		_main
 This function uses a non-reentrant model


 *************** function _lcd_write_char *****************
 Defined at:
		line 77 in file "D:\microchip\rtctest\lcd.h"
 Parameters:    Size  Location     Type
  x               1    wreg     unsigned char 
  y               1    5[BANK0 ] unsigned char 
  buf             1    6[BANK0 ] unsigned char 
 Auto vars:     Size  Location     Type
  x               1    8[BANK0 ] unsigned char 
 Return value:  Size  Location     Type
                  1    wreg      void 
 Registers used:
		wreg, status,2, status,0, pclath, cstack
 Tracked objects:
		On entry : 
		On exit  : 
		Unchanged: 
 Data sizes:     COMMON   BANK0   BANK1
      Params:         0       2       0
      Locals:         0       1       0
      Temps:          0       1       0
      Totals:         0       4       0
Total ram usage:        4 bytes
 Hardware stack levels used:    1
 Hardware stack levels required when called:    3
 This function calls:
		_lcd_write_address
		_lcd_write_data
 This function is called by:
		_main
 This function uses a non-reentrant model


 *************** function _lcd_write_data *****************
 Defined at:
		line 41 in file "D:\microchip\rtctest\lcd.h"
 Parameters:    Size  Location     Type
  databuf         1    wreg     unsigned char 
 Auto vars:     Size  Location     Type
  databuf         1    0[BANK0 ] unsigned char 
 Return value:  Size  Location     Type
                  1    wreg      void 
 Registers used:
		wreg, status,2, status,0, pclath, cstack
 Tracked objects:
		On entry : 
		On exit  : 
		Unchanged: 
 Data sizes:     COMMON   BANK0   BANK1
      Params:         0       0       0
      Locals:         0       1       0
      Temps:          0       0       0
      Totals:         0       1       0
Total ram usage:        1 bytes
 Hardware stack levels used:    1
 Hardware stack levels required when called:    1
 This function calls:
		_lcd_wait_busy
 This function is called by:
		_lcd_write_char
 This function uses a non-reentrant model


 *************** function _lcd_write_address *****************
 Defined at:
		line 52 in file "D:\microchip\rtctest\lcd.h"
 Parameters:    Size  Location     Type
  x               1    wreg     unsigned char 
  y               1    2[BANK0 ] unsigned char 
 Auto vars:     Size  Location     Type
  x               1    4[BANK0 ] unsigned char 
 Return value:  Size  Location     Type
                  1    wreg      void 
 Registers used:
		wreg, status,2, status,0, pclath, cstack
 Tracked objects:
		On entry : 
		On exit  : 
		Unchanged: 
 Data sizes:     COMMON   BANK0   BANK1
      Params:         0       1       0
      Locals:         0       1       0
      Temps:          0       1       0
      Totals:         0       3       0
Total ram usage:        3 bytes
 Hardware stack levels used:    1
 Hardware stack levels required when called:    2
 This function calls:
		_lcd_write_com_busy
 This function is called by:
		_lcd_write_char
 This function uses a non-reentrant model


 *************** function _lcd_write_com_busy *****************
 Defined at:
		line 35 in file "D:\microchip\rtctest\lcd.h"
 Parameters:    Size  Location     Type
  combuf          1    wreg     unsigned char 
 Auto vars:     Size  Location     Type
  combuf          1    1[BANK0 ] unsigned char 
 Return value:  Size  Location     Type
                  1    wreg      void 
 Registers used:
		wreg, status,2, status,0, pclath, cstack
 Tracked objects:
		On entry : 
		On exit  : 
		Unchanged: 
 Data sizes:     COMMON   BANK0   BANK1
      Params:         0       0       0
      Locals:         0       1       0
      Temps:          0       0       0
      Totals:         0       1       0
Total ram usage:        1 bytes
 Hardware stack levels used:    1
 Hardware stack levels required when called:    1
 This function calls:
		_lcd_wait_busy
		_lcd_write_com
 This function is called by:
		_lcd_write_address
		_lcdreset
 This function uses a non-reentrant model


 *************** function _lcd_write_com *****************
 Defined at:
		line 25 in file "D:\microchip\rtctest\lcd.h"
 Parameters:    Size  Location     Type
  combuf          1    wreg     unsigned char 
 Auto vars:     Size  Location     Type
  combuf          1    0[BANK0 ] unsigned char 
 Return value:  Size  Location     Type
                  1    wreg      void 
 Registers used:
		wreg
 Tracked objects:
		On entry : 
		On exit  : 
		Unchanged: 
 Data sizes:     COMMON   BANK0   BANK1
      Params:         0       0       0
      Locals:         0       1       0
      Temps:          0       0       0
      Totals:         0       1       0
Total ram usage:        1 bytes
 Hardware stack levels used:    1
 This function calls:
		Nothing
 This function is called by:
		_lcd_write_com_busy
		_lcdreset
 This function uses a non-reentrant model


 *************** function _lcd_wait_busy *****************
 Defined at:
		line 14 in file "D:\microchip\rtctest\lcd.h"
 Parameters:    Size  Location     Type
		None
 Auto vars:     Size  Location     Type
		None
 Return value:  Size  Location     Type
                  1    wreg      void 
 Registers used:
		None
 Tracked objects:
		On entry : 
		On exit  : 
		Unchanged: 
 Data sizes:     COMMON   BANK0   BANK1
      Params:         0       0       0
      Locals:         0       0       0
      Temps:          0       0       0
      Totals:         0       0       0
Total ram usage:        0 bytes
 Hardware stack levels used:    1
 This function calls:
		Nothing
 This function is called by:
		_lcd_write_com_busy
		_lcd_write_data
 This function uses a non-reentrant model


 *************** function _Read *****************
 Defined at:
		line 144 in file "D:\microchip\rtctest\i2c.h"
 Parameters:    Size  Location     Type
  address         1    wreg     unsigned char 
 Auto vars:     Size  Location     Type
  address         1    5[BANK0 ] unsigned char 
  eebuf3          1    6[BANK0 ] unsigned char 
 Return value:  Size  Location     Type
                  1    wreg      unsigned char 
 Registers used:
		wreg, status,2, status,0, pclath, cstack
 Tracked objects:
		On entry : 
		On exit  : 
		Unchanged: 
 Data sizes:     COMMON   BANK0   BANK1
      Params:         0       0       0
      Locals:         0       2       0
      Temps:          0       1       0
      Totals:         0       3       0
Total ram usage:        3 bytes
 Hardware stack levels used:    1
 Hardware stack levels required when called:    2
 This function calls:
		_i2cread
		_i2cstart
		_i2cstop
		_i2cwrite
 This function is called by:
		_main
 This function uses a non-reentrant model


 *************** function _i2cwrite *****************
 Defined at:
		line 93 in file "D:\microchip\rtctest\i2c.h"
 Parameters:    Size  Location     Type
  sedata          1    wreg     unsigned char 
 Auto vars:     Size  Location     Type
  sedata          1    2[BANK0 ] unsigned char 
  k               1    3[BANK0 ] unsigned char 
 Return value:  Size  Location     Type
                  1    wreg      void 
 Registers used:
		wreg, status,2, status,0, pclath, cstack
 Tracked objects:
		On entry : 
		On exit  : 
		Unchanged: 
 Data sizes:     COMMON   BANK0   BANK1
      Params:         0       0       0
      Locals:         0       2       0
      Temps:          0       2       0
      Totals:         0       4       0
Total ram usage:        4 bytes
 Hardware stack levels used:    1
 Hardware stack levels required when called:    1
 This function calls:
		_bitin
		_bitout
 This function is called by:
		_write
		_Read
 This function uses a non-reentrant model


 *************** function _i2cstop *****************
 Defined at:
		line 29 in file "D:\microchip\rtctest\i2c.h"
 Parameters:    Size  Location     Type
		None
 Auto vars:     Size  Location     Type
		None
 Return value:  Size  Location     Type
                  1    wreg      void 
 Registers used:
		wreg, status,2, status,0, pclath, cstack
 Tracked objects:
		On entry : 
		On exit  : 
		Unchanged: 
 Data sizes:     COMMON   BANK0   BANK1
      Params:         0       0       0
      Locals:         0       0       0
      Temps:          0       0       0
      Totals:         0       0       0
Total ram usage:        0 bytes
 Hardware stack levels used:    1
 Hardware stack levels required when called:    1
 This function calls:
		_delay1
 This function is called by:
		_write
		_Read
 This function uses a non-reentrant model


 *************** function _i2cstart *****************
 Defined at:
		line 13 in file "D:\microchip\rtctest\i2c.h"
 Parameters:    Size  Location     Type
		None
 Auto vars:     Size  Location     Type
		None
 Return value:  Size  Location     Type
                  1    wreg      void 
 Registers used:
		wreg, status,2, status,0, pclath, cstack
 Tracked objects:
		On entry : 
		On exit  : 
		Unchanged: 
 Data sizes:     COMMON   BANK0   BANK1
      Params:         0       0       0
      Locals:         0       0       0
      Temps:          0       0       0
      Totals:         0       0       0
Total ram usage:        0 bytes
 Hardware stack levels used:    1
 Hardware stack levels required when called:    1
 This function calls:
		_delay1
 This function is called by:
		_write
		_Read
 This function uses a non-reentrant model


 *************** function _delay1 *****************
 Defined at:
		line 7 in file "D:\microchip\rtctest\i2c.h"
 Parameters:    Size  Location     Type
		None
 Auto vars:     Size  Location     Type
  k               1    1[BANK0 ] unsigned char 
 Return value:  Size  Location     Type
                  1    wreg      void 
 Registers used:
		wreg, status,2, status,0
 Tracked objects:
		On entry : 
		On exit  : 
		Unchanged: 
 Data sizes:     COMMON   BANK0   BANK1
      Params:         0       0       0
      Locals:         0       1       0
      Temps:          0       1       0
      Totals:         0       2       0
Total ram usage:        2 bytes
 Hardware stack levels used:    1
 This function calls:
		Nothing
 This function is called by:
		_i2cstart
		_i2cstop
 This function uses a non-reentrant model


 *************** function _i2cread *****************
 Defined at:
		line 112 in file "D:\microchip\rtctest\i2c.h"
 Parameters:    Size  Location     Type
		None
 Auto vars:     Size  Location     Type
  redata1         1    3[BANK0 ] unsigned char 
  m               1    2[BANK0 ] unsigned char 
 Return value:  Size  Location     Type
                  1    wreg      unsigned char 
 Registers used:
		wreg, status,2, status,0, pclath, cstack
 Tracked objects:
		On entry : 
		On exit  : 
		Unchanged: 
 Data sizes:     COMMON   BANK0   BANK1
      Params:         0       0       0
      Locals:         0       2       0
      Temps:          0       2       0
      Totals:         0       4       0
Total ram usage:        4 bytes
 Hardware stack levels used:    1
 Hardware stack levels required when called:    1
 This function calls:
		_bitin
		_bitout
 This function is called by:
		_Read
 This function uses a non-reentrant model


 *************** function _bitout *****************
 Defined at:
		line 71 in file "D:\microchip\rtctest\i2c.h"
 Parameters:    Size  Location     Type
		None
 Auto vars:     Size  Location     Type
		None
 Return value:  Size  Location     Type
                  1    wreg      void 
 Registers used:
		None
 Tracked objects:
		On entry : 
		On exit  : 
		Unchanged: 
 Data sizes:     COMMON   BANK0   BANK1
      Params:         0       0       0
      Locals:         0       0       0
      Temps:          0       0       0
      Totals:         0       0       0
Total ram usage:        0 bytes
 Hardware stack levels used:    1
 This function calls:
		Nothing
 This function is called by:
		_i2cwrite
		_i2cread
 This function uses a non-reentrant model


 *************** function _bitin *****************
 Defined at:
		line 46 in file "D:\microchip\rtctest\i2c.h"
 Parameters:    Size  Location     Type
		None
 Auto vars:     Size  Location     Type
		None
 Return value:  Size  Location     Type
                  1    wreg      void 
 Registers used:
		None
 Tracked objects:
		On entry : 
		On exit  : 
		Unchanged: 
 Data sizes:     COMMON   BANK0   BANK1
      Params:         0       0       0
      Locals:         0       0       0
      Temps:          0       0       0
      Totals:         0       0       0
Total ram usage:        0 bytes
 Hardware stack levels used:    1
 This function calls:
		Nothing
 This function is called by:
		_i2cwrite
		_i2cread
 This function uses a non-reentrant model



MODULE INFORMATION

Module		Function		Class		Link	Load	Size
D:\microchip\rtctest\lcd.h
		_lcd_write_data		CODE           	0498	0000	18
		_lcd_write_char		CODE           	04A9	0000	18
		_lcd_wait_busy 		CODE           	0489	0000	16
		_delay         		CODE           	05B0	0000	42
		_lcd_write_address		CODE           	0508	0000	28
		_lcd_write_com_busy		CODE           	0470	0000	13
		_lcdreset      		CODE           	0605	0000	60
		_lcd_write_com 		CODE           	047C	0000	14

D:\microchip\rtctest\lcd.h estimated size: 209

D:\microchip\rtctest\rtctest.c
		_main          		CODE           	0640	0000	443

D:\microchip\rtctest\rtctest.c estimated size: 443

D:\microchip\rtctest\i2c.h
		_i2cstart      		CODE           	04D3	0000	27
		_i2cwrite      		CODE           	0544	0000	36
		_bitin         		CODE           	0567	0000	37
		_i2cstop       		CODE           	04ED	0000	28
		_write         		CODE           	04BA	0000	26
		_i2cread       		CODE           	05D9	0000	45
		_Read          		CODE           	058B	0000	38
		_bitout        		CODE           	0523	0000	34
		_delay1        		CODE           	0464	0000	13

D:\microchip\rtctest\i2c.h estimated size: 284

shared
		__initialization		CODE           	07FA	0000	4

shared estimated size: 4

